// Jest Snapshot v1, https://goo.gl/fbAQLP

exports[`EditionModal component matches snapshot 1`] = `
<DocumentFragment>
  <button
    class="chakra-button css-1uhuy6t"
    type="button"
  >
    editar
  </button>
  <span
    hidden=""
    id="__chakra_env"
  />
</DocumentFragment>
`;
