// Jest Snapshot v1, https://goo.gl/fbAQLP

exports[`Navbar renders snapshot correctly 1`] = `
<DocumentFragment>
  <div
    class="css-1lrs3p7"
  >
    <div
      class="css-19pkskf"
    >
      <button
        aria-label="Open Menu"
        class="chakra-button css-n1aaeq"
        type="button"
      >
        <svg
          aria-hidden="true"
          class="chakra-icon css-onkibi"
          focusable="false"
          viewBox="0 0 24 24"
        >
          <path
            d="M 3 5 A 1.0001 1.0001 0 1 0 3 7 L 21 7 A 1.0001 1.0001 0 1 0 21 5 L 3 5 z M 3 11 A 1.0001 1.0001 0 1 0 3 13 L 21 13 A 1.0001 1.0001 0 1 0 21 11 L 3 11 z M 3 17 A 1.0001 1.0001 0 1 0 3 19 L 21 19 A 1.0001 1.0001 0 1 0 21 17 L 3 17 z"
            fill="currentColor"
          />
        </svg>
      </button>
      <div
        class="chakra-stack css-pa7cn"
      >
        <a
          class="css-3sczcp"
          href="/"
        >
          <img
            alt="Logo"
            class="chakra-image css-vjb3xi"
            src="https://mayoliveii.s3.us-east-2.amazonaws.com/images/logicrud-logo.jpg"
          />
        </a>
        <nav
          class="chakra-stack css-1y6oau7"
        >
          <a
            class="css-3yj86i"
            href="/vehicle-list"
          >
            Veículos
          </a>
          <a
            class="css-3yj86i"
            href="/about"
          >
            Sobre
          </a>
          <a
            class="css-3yj86i"
            href="/team"
          >
            Time
          </a>
        </nav>
      </div>
      <div
        class="css-70qvj9"
      >
        <a
          class="chakra-link css-spn4bz"
          href="https://verticalti.com.br/#solucoes"
          rel="noopener"
          target="_blank"
        >
          <button
            class="chakra-button css-4s8921"
            type="button"
          >
            <span
              class="chakra-button__icon css-1wh2kri"
            >
              <svg
                aria-hidden="true"
                class="chakra-icon css-onkibi"
                focusable="false"
                viewBox="0 0 24 24"
              >
                <path
                  d="M0,12a1.5,1.5,0,0,0,1.5,1.5h8.75a.25.25,0,0,1,.25.25V22.5a1.5,1.5,0,0,0,3,0V13.75a.25.25,0,0,1,.25-.25H22.5a1.5,1.5,0,0,0,0-3H13.75a.25.25,0,0,1-.25-.25V1.5a1.5,1.5,0,0,0-3,0v8.75a.25.25,0,0,1-.25.25H1.5A1.5,1.5,0,0,0,0,12Z"
                  fill="currentColor"
                />
              </svg>
            </span>
            Soluções
          </button>
        </a>
        <button
          aria-controls="menu-list-:r2:"
          aria-expanded="false"
          aria-haspopup="menu"
          class="chakra-button chakra-menu__menu-button css-7pfzb9"
          id="menu-button-:r2:"
          type="button"
        >
          <span
            class="css-xl71ch"
          >
            <span
              class="chakra-avatar css-j0jwkr"
              style="max-width: 40px; max-height: 40px; border-radius: 50%;"
            >
              <svg
                aria-label=" avatar"
                class="chakra-avatar__svg css-16ite8i"
                role="img"
                viewBox="0 0 128 128"
              >
                <path
                  d="M103,102.1388 C93.094,111.92 79.3504,118 64.1638,118 C48.8056,118 34.9294,111.768 25,101.7892 L25,95.2 C25,86.8096 31.981,80 40.6,80 L87.4,80 C96.019,80 103,86.8096 103,95.2 L103,102.1388 Z"
                  fill="currentColor"
                />
                <path
                  d="M63.9961647,24 C51.2938136,24 41,34.2938136 41,46.9961647 C41,59.7061864 51.2938136,70 63.9961647,70 C76.6985159,70 87,59.7061864 87,46.9961647 C87,34.2938136 76.6985159,24 63.9961647,24"
                  fill="currentColor"
                />
              </svg>
            </span>
          </span>
        </button>
        <div
          class="css-r6z5ec"
          style="visibility: hidden; position: absolute; min-width: max-content; inset: 0 auto auto 0;"
        >
          <div
            aria-orientation="vertical"
            class="chakra-menu__menu-list css-1kfu8nn"
            id="menu-list-:r2:"
            role="menu"
            style="transform-origin: var(--popper-transform-origin); opacity: 0; visibility: hidden; transform: scale(0.8) translateZ(0);"
            tabindex="-1"
          >
            <div
              class="css-1syq16t"
            >
              <p
                class="chakra-text css-0"
              >
                Mayara Oliveira
              </p>
              <p
                class="chakra-text css-89mcmc"
              >
                Desenvolvedora de Software
              </p>
            </div>
            <hr
              aria-orientation="horizontal"
              class="chakra-menu__divider css-12vdn2q"
            />
            <button
              class="chakra-menu__menuitem css-18esm8n"
              data-index="0"
              id="menu-list-:r2:-menuitem-:r3:"
              role="menuitem"
              tabindex="-1"
              type="button"
            >
              <a
                class="chakra-link css-spn4bz"
                href="https://www.linkedin.com/in/mayoliveii/"
                rel="noopener"
                target="_blank"
              >
                <div
                  class="chakra-stack css-1uodvt1"
                >
                  <svg
                    fill="currentColor"
                    height="1em"
                    stroke="currentColor"
                    stroke-width="0"
                    viewBox="0 0 448 512"
                    width="1em"
                    xmlns="http://www.w3.org/2000/svg"
                  >
                    <path
                      d="M416 32H31.9C14.3 32 0 46.5 0 64.3v383.4C0 465.5 14.3 480 31.9 480H416c17.6 0 32-14.5 32-32.3V64.3c0-17.8-14.4-32.3-32-32.3zM135.4 416H69V202.2h66.5V416zm-33.2-243c-21.3 0-38.5-17.3-38.5-38.5S80.9 96 102.2 96c21.2 0 38.5 17.3 38.5 38.5 0 21.3-17.2 38.5-38.5 38.5zm282.1 243h-66.4V312c0-24.8-.5-56.7-34.5-56.7-34.6 0-39.9 27-39.9 54.9V416h-66.4V202.2h63.7v29.2h.9c8.9-16.8 30.6-34.5 62.9-34.5 67.2 0 79.7 44.3 79.7 101.9V416z"
                    />
                  </svg>
                  <p
                    class="chakra-text css-0"
                  >
                    LinkedIn
                  </p>
                </div>
              </a>
            </button>
          </div>
        </div>
      </div>
    </div>
  </div>
  <span
    hidden=""
    id="__chakra_env"
  />
</DocumentFragment>
`;
