// Jest Snapshot v1, https://goo.gl/fbAQLP

exports[`NotFoundMessage renders Error component with given title and description 1`] = `
<DocumentFragment>
  <div
    class="css-9gtaw2"
  >
    <div
      class="css-1baulvz"
    >
      <div
        class="css-f5kz2b"
      >
        <svg
          class="chakra-icon css-1x7z2yw"
          focusable="false"
          viewBox="0 0 24 24"
        >
          <path
            d="M.439,21.44a1.5,1.5,0,0,0,2.122,2.121L11.823,14.3a.25.25,0,0,1,.354,0l9.262,9.263a1.5,1.5,0,1,0,2.122-2.121L14.3,12.177a.25.25,0,0,1,0-.354l9.263-9.262A1.5,1.5,0,0,0,21.439.44L12.177,9.7a.25.25,0,0,1-.354,0L2.561.44A1.5,1.5,0,0,0,.439,2.561L9.7,11.823a.25.25,0,0,1,0,.354Z"
            fill="currentColor"
          />
        </svg>
      </div>
    </div>
    <h2
      class="chakra-heading css-1wib1wc"
    >
      Test Error
    </h2>
    <p
      class="chakra-text css-q9k0mw"
    >
      This is a test error
    </p>
  </div>
  <span
    hidden=""
    id="__chakra_env"
  />
</DocumentFragment>
`;
